Warning: missing required environment variables: FLASK_SECRET_KEY. Using development fallbacks where possible.
Warning: Cloudinary is not fully configured. Scan history image uploads will fall back to inline/base64 images.
Warning: pymongo is not installed. MongoDB storage is disabled.
Warning: cloudinary is not installed. Cloud image uploads are disabled.
Warning: flask-cors is not installed. CORS support is disabled.
======================================================================
🧠 NeuroScan AI - Enhanced Brain Tumor Detection System
======================================================================

📌 Features:
   • Multi-model ensemble for higher accuracy
   • Test Time Augmentation (TTA) for robust predictions
   • CLAHE image enhancement for better contrast
   • Post-processing for cleaner segmentation masks
   • Severity assessment and recommendations
   • User authentication and scan history (MongoDB)
   • Cloud image storage (Cloudinary)
   • Detailed diagnostic reports with share functionality

Initializing application...
⚠ MONGO_URI not set — using JSON file storage fallback
⚠ Running without database - authentication features disabled
✓ Cloudinary configured (cloud: None)
Loading primary classification model (ResNet-50)...
Error loading models: [Errno 2] Unable to synchronously open file (unable to open file: name = 'weights.hdf5', errno = 2, error message = 'No such file or directory', flags = 0, o_flags = 0)

❌ Failed to load models. Please check that model files exist.
Required files:
  - resnet-50-MRI.json
  - weights.hdf5
  - ResUNet-MRI.json
  - weights_seg.hdf5
  - utilities.py

Optional files for enhanced ensemble:
  - classifier-resnet-model.json
  - classifier-resnet-weights.keras
  - ResUNet-model.json

Starting Flask server with predictions disabled.
Access the application at: http://localhost:5000
API Health Check: http://localhost:5000/api/health
======================================================================
 * Serving Flask app 'app'
 * Debug mode: on
